// Jest Snapshot v1, https://goo.gl/fbAQLP

exports[`InputField Component renders properly 1`] = `
ShallowWrapper {
  Symbol(enzyme.__root__): [Circular],
  Symbol(enzyme.__unrendered__): <InputField
    handleChange={[MockFunction]}
    placeholder="min"
    value=""
  />,
  Symbol(enzyme.__renderer__): Object {
    "batchedUpdates": [Function],
    "getNode": [Function],
    "render": [Function],
    "simulateEvent": [Function],
    "unmount": [Function],
  },
  Symbol(enzyme.__node__): Object {
    "instance": null,
    "key": undefined,
    "nodeType": "host",
    "props": Object {
      "className": "pa2 ba b--blue blue",
      "max": undefined,
      "min": undefined,
      "onChange": [MockFunction],
      "type": "number",
      "value": "",
    },
    "ref": null,
    "rendered": null,
    "type": "input",
  },
  Symbol(enzyme.__nodes__): Array [
    Object {
      "instance": null,
      "key": undefined,
      "nodeType": "host",
      "props": Object {
        "className": "pa2 ba b--blue blue",
        "max": undefined,
        "min": undefined,
        "onChange": [MockFunction],
        "type": "number",
        "value": "",
      },
      "ref": null,
      "rendered": null,
      "type": "input",
    },
  ],
  Symbol(enzyme.__options__): Object {
    "adapter": ReactSixteenAdapter {
      "options": Object {
        "enableComponentDidUpdateOnSetState": true,
        "lifecycles": Object {
          "componentDidUpdate": Object {
            "onSetState": true,
          },
          "getDerivedStateFromProps": true,
          "getSnapshotBeforeUpdate": true,
          "setState": Object {
            "skipsComponentDidUpdateOnNullish": true,
          },
        },
      },
    },
    "attachTo": undefined,
    "hydrateIn": undefined,
  },
}
`;
